
> innuora@0.1.0 build /Users/abdenassermohammedi/Documents/GitHub/mirael-rewrite-clean
> pnpx prisma generate && next build

Environment variables loaded from .env
Prisma schema loaded from prisma/schema.prisma

✔ Generated Prisma Client (v6.16.3) to ./node_modules/.pnpm/@prisma+client@6.15.0_prisma@6.15.0_typescript@5.9.2__typescript@5.9.2/node_modules/@prisma/client in 64ms

Start by importing your Prisma Client (See: https://pris.ly/d/importing-client)

Tip: Interested in query caching in just a few lines of code? Try Accelerate today! https://pris.ly/tip-3-accelerate

   ▲ Next.js 15.5.2
   - Environments: .env.production, .env
   - Experiments (use with caution):
     · optimizePackageImports

   Creating an optimized production build ...
 ✓ Compiled successfully in 4.2s
   Linting and checking validity of types ...

./src/app/actions/__tests__/ai-client-actions.test.ts
30:48  Warning: 'context' is defined but never used.  @typescript-eslint/no-unused-vars

info  - Need to disable some ESLint rules? Learn more here: https://nextjs.org/docs/app/api-reference/config/eslint#disabling-rules
Failed to compile.

./src/app/actions/ai-client-actions.ts:244:13
Type error: Type 'string | undefined' is not assignable to type 'string'.
  Type 'undefined' is not assignable to type 'string'.

[0m [90m 242 |[39m
 [90m 243 |[39m       [90m// At this point, rawContent is guaranteed to be a non-empty string[39m
[31m[1m>[22m[39m[90m 244 |[39m       [36mconst[39m message[33m:[39m string [33m=[39m rawContent[33m;[39m
 [90m     |[39m             [31m[1m^[22m[39m
 [90m 245 |[39m
 [90m 246 |[39m       [90m// Log in development environment[39m
 [90m 247 |[39m       [36mif[39m (process[33m.[39menv[33m.[39m[33mNODE_ENV[39m [33m===[39m [32m"development"[39m) {[0m
Next.js build worker exited with code: 1 and signal: null
 ELIFECYCLE  Command failed with exit code 1.
